
> data_engine_client_v2@0.1.0 build C:\Users\jonat\Desktop\Projects\ETL\data_engine_client_v2
> next build

ΓÜá Warning: Next.js inferred your workspace root, but it may not be correct.
 We detected multiple lockfiles and selected the directory of C:\Users\jonat\pnpm-lock.yaml as the root directory.
 To silence this warning, set `turbopack.root` in your Next.js config, or consider removing one of the lockfiles if it's not needed.
   See https://nextjs.org/docs/app/api-reference/config/next-config-js/turbopack#root-directory for more information.
 Detected additional lockfiles: 
   * C:\Users\jonat\Desktop\Projects\ETL\data_engine_client_v2\pnpm-lock.yaml

Γû▓ Next.js 16.1.3 (Turbopack)
- Environments: .env

ΓÜá The "middleware" file convention is deprecated. Please use "proxy" instead. Learn more: https://nextjs.org/docs/messages/middleware-to-proxy
  Creating an optimized production build ...
Γ£ô Compiled successfully in 2.8s
  Running TypeScript ...
Failed to compile.

.next/dev/types/validator.ts:170:39
Type error: File 'C:/Users/jonat/Desktop/Projects/ETL/data_engine_client_v2/src/app/api/pipeline/deposits-dp10/route.ts' is not a module.

  168 | {
  169 |   type __IsExpected<Specific extends RouteHandlerConfig<"/api/pipeline/deposits-dp10">> = Specific
> 170 |   const handler = {} as typeof import("../../../src/app/api/pipeline/deposits-dp10/route.js")
      |                                       ^
  171 |   type __Check = __IsExpected<typeof handler>
  172 |   // @ts-ignore
  173 |   type __Unused = __Check
Next.js build worker exited with code: 1 and signal: null
ΓÇëELIFECYCLEΓÇë Command failed with exit code 1.
